Loading /lgrp/edu-2026-1-gpulab/proj_256_75.hdf5 ...
  vol_img precision: float32
  Volume:    256 x 256 x 256
  Detector:  512 x 512
  Angles:    75
  SOD/SDD:   5.0 / 7.0 mm

=== GPU-OPT mode (LUT+local+float4), 100 epochs ===
OpenCL device: Hawaii
  cl_khr_3d_image_writes: yes
  cl_khr_fp16: no
  bp_opt(ones) computed (1 subset).
  epoch   1/100  0.130 s
  epoch   2/100  0.104 s
  epoch   3/100  0.109 s
  epoch   4/100  0.104 s
  epoch   5/100  0.115 s
  epoch   6/100  0.109 s
  epoch   7/100  0.109 s
  epoch   8/100  0.109 s
  epoch   9/100  0.109 s
  epoch  10/100  0.105 s
  epoch  11/100  0.115 s
  epoch  12/100  0.111 s
  epoch  13/100  0.110 s
  epoch  14/100  0.114 s
  epoch  15/100  0.108 s
  epoch  16/100  0.109 s
  epoch  17/100  0.110 s
  epoch  18/100  0.113 s
  epoch  19/100  0.119 s
  epoch  20/100  0.115 s
  epoch  21/100  0.104 s
  epoch  22/100  0.104 s
  epoch  23/100  0.104 s
  epoch  24/100  0.104 s
  epoch  25/100  0.103 s
  epoch  26/100  0.104 s
  epoch  27/100  0.104 s
  epoch  28/100  0.104 s
  epoch  29/100  0.104 s
  epoch  30/100  0.119 s
  epoch  31/100  0.119 s
  epoch  32/100  0.104 s
  epoch  33/100  0.104 s
  epoch  34/100  0.104 s
  epoch  35/100  0.103 s
  epoch  36/100  0.104 s
  epoch  37/100  0.104 s
  epoch  38/100  0.104 s
  epoch  39/100  0.104 s
  epoch  40/100  0.104 s
  epoch  41/100  0.104 s
  epoch  42/100  0.104 s
  epoch  43/100  0.104 s
  epoch  44/100  0.104 s
  epoch  45/100  0.104 s
  epoch  46/100  0.104 s
  epoch  47/100  0.104 s
  epoch  48/100  0.104 s
  epoch  49/100  0.104 s
  epoch  50/100  0.104 s
  epoch  51/100  0.104 s
  epoch  52/100  0.119 s
  epoch  53/100  0.104 s
  epoch  54/100  0.118 s
  epoch  55/100  0.119 s
  epoch  56/100  0.119 s
  epoch  57/100  0.119 s
  epoch  58/100  0.104 s
  epoch  59/100  0.104 s
  epoch  60/100  0.104 s
  epoch  61/100  0.104 s
  epoch  62/100  0.104 s
  epoch  63/100  0.104 s
  epoch  64/100  0.104 s
  epoch  65/100  0.104 s
  epoch  66/100  0.104 s
  epoch  67/100  0.104 s
  epoch  68/100  0.103 s
  epoch  69/100  0.104 s
  epoch  70/100  0.104 s
  epoch  71/100  0.104 s
  epoch  72/100  0.104 s
  epoch  73/100  0.104 s
  epoch  74/100  0.104 s
  epoch  75/100  0.105 s
  epoch  76/100  0.105 s
  epoch  77/100  0.104 s
  epoch  78/100  0.104 s
  epoch  79/100  0.104 s
  epoch  80/100  0.104 s
  epoch  81/100  0.104 s
  epoch  82/100  0.104 s
  epoch  83/100  0.104 s
  epoch  84/100  0.105 s
  epoch  85/100  0.103 s
  epoch  86/100  0.104 s
  epoch  87/100  0.104 s
  epoch  88/100  0.104 s
  epoch  89/100  0.104 s
  epoch  90/100  0.104 s
  epoch  91/100  0.104 s
  epoch  92/100  0.105 s
  epoch  93/100  0.105 s
  epoch  94/100  0.104 s
  epoch  95/100  0.104 s
  epoch  96/100  0.105 s
  epoch  97/100  0.104 s
  epoch  98/100  0.104 s
  epoch  99/100  0.104 s
  epoch 100/100  0.104 s
GPU-opt time: 21.22 s
Saving to pool15/hdf5/gpu-opt_256.hdf5 ...
Done.
